// Jest Snapshot v1, https://goo.gl/fbAQLP

exports[`AddTodo component should render add todo componenet 1`] = `
<div
  className="add-todo full"
>
  <div
    className="fleid flex-column start mrb-16 relative"
  >
    <label
      className="required"
    >
      Title
    </label>
    <input
      aria-label="title"
      className="field__input full pd-16"
      onChange={[Function]}
      value=""
    />
  </div>
  <div
    className="fleid flex-column start mrb-16 relative"
  >
    <label
      className="required"
    >
      Description
    </label>
    <textarea
      aria-label="description"
      className="field__input full pd-16 ht-80"
      onChange={[Function]}
      value=""
    />
  </div>
  <button
    aria-label="button"
    className="button full pd-16"
    onClick={[Function]}
  >
    Add Todo
  </button>
</div>
`;
